HF_001
HF_002
HF_003
HF_004
HF_005
HF_006
HF_007
HF_008
HF_009
HF_010
DIS_001
DIS_002
DIS_003
DIS_004
DIS_005
DIS_006
DIS_007
DIS_008
DIS_009
DIS_010
TM_001
TM_002
TM_003
TM_004
TM_005
LEAD_001
LEAD_002
LEAD_003
LEAD_004
LEAD_005
CHG_001
CHG_002
CHG_003
CHG_004
CHG_005
PSY_001
PSY_002
PSY_003
PSY_004
PSY_005
FIN_001
FIN_002
FIN_003
FIN_004
FIN_005
INV_001
INV_002
INV_003
INV_004
DEBT_003
DEBT_004
INV_005
DEBT_001
DEBT_002
DEBT_005
SAV_001
SAV_002
SAV_003
SAV_004
SAV_005
PHI_001
PHI_002
PHI_003
PHI_004
PHI_005
BIO_001
BIO_002
BIO_003
BIO_004
BIO_005
NEURO_001
NEURO_002
NEURO_003
NEURO_004
NEURO_005
COMM_001
COMM_002
COMM_003
COMM_004
COMM_005
ENV_001
ENV_002
ENV_003
ENV_004
ENV_005
CRE_001
CRE_002
CRE_003
CRE_004
CRE_005
MPEI_001
MPEI_002
MPEI_003
MPEI_004
MPEI_005
RM_001
RM_002
RM_003
RM_004
RM_005
